Tue Mar  3 09:10:14 CET 2015
$PROBLEM    MOXONIDINE PK ANALYSIS
$INPUT      ID VISI XAT2=DROP DGRP DOSE FLAG=DROP ONO=DROP XIME=DROP
            DVO=DROP NEUY=DROP SCR=DROP AGE=DROP SEX NYHA=DROP WT=DROP
            COMP=DROP ACE=DROP DIG=DROP DIU=DROP NUMB=DROP TAD=DROP
            TIME VIDD=DROP CLCR=DROP AMT SS II VID CMT=DROP CONO=DROP
            DV EVID=DROP OVID=DROP
$DATA      moxonidine.dta IGNORE=@
$ABBREVIATED DERIV2=NO COMRES=6
$SUBROUTINE ADVAN2 TRANS1
$PK 
;----------IOV--------------------
   VIS3               = 0
   IF(VISI.EQ.3) VIS3 = 1
   VIS8               = 0
   IF(VISI.EQ.8) VIS8 = 1
   KPLAG = VIS3*ETA(4)+VIS8*ETA(5)

   TVCL  = THETA(1)
   TVV   = THETA(2)
   TVKA  = THETA(3)

   CL    = TVCL*EXP(ETA(1))
   V     = TVV*EXP(ETA(2))
   KA    = TVKA*EXP(ETA(3))
   LAG   = THETA(4)
   PHI   = LOG(LAG/(1-LAG))
   ALAG1 = EXP(PHI+KPLAG)/(1+EXP(PHI+KPLAG))
   K     = CL/V
   S2    = V

$ERROR 

     IPRED = LOG(.025)
     W     = THETA(5)
     IF(F.GT.0) IPRED = LOG(F)
     IRES  = IPRED-DV
     IWRES = IRES/W
     Y     = IPRED+ERR(1)*W

$THETA  (0,27.5)
 (0,13)
 (0,0.2)
 (0,.1)
 (0,.23)
$OMEGA  BLOCK(2)
 .3
 .1 .3
$OMEGA  BLOCK(1)
 .3
$OMEGA  BLOCK(1)
 .3
$OMEGA  BLOCK(1) SAME
$SIGMA  1  FIX
$ESTIMATION MAXEVALS=10 PRINT=10
;$COV


NM-TRAN MESSAGES
  
 WARNINGS AND ERRORS (IF ANY) FOR PROBLEM    1
             
 (WARNING  2) NM-TRAN INFERS THAT THE DATA ARE POPULATION.
Note: The following floating-point exceptions are signalling: IEEE_INVALID_FLAG IEEE_DIVIDE_BY_ZERO

License Registered to: Uppsala University
Expiration Date:    14 MAR 2015
Current Date:        3 MAR 2015
  **** WARNING!!! Days until program expires :  11 ****
  **** CONTACT idssoftware@iconplc.com FOR RENEWAL ****
1NONLINEAR MIXED EFFECTS MODEL PROGRAM (NONMEM) VERSION 7.3.0
 ORIGINALLY DEVELOPED BY STUART BEAL, LEWIS SHEINER, AND ALISON BOECKMANN
 CURRENT DEVELOPERS ARE ROBERT BAUER, ICON DEVELOPMENT SOLUTIONS,
 AND ALISON BOECKMANN. IMPLEMENTATION, EFFICIENCY, AND STANDARDIZATION
 PERFORMED BY NOUS INFOSYSTEMS.
 
 PROBLEM NO.:         1
 MOXONIDINE PK ANALYSIS                                                  
0DATA CHECKOUT RUN:              NO 
 DATA SET LOCATED ON UNIT NO.:    2
 THIS UNIT TO BE REWOUND:        NO 
 NO. OF DATA RECS IN DATA SET:     1166
 NO. OF DATA ITEMS IN DATA SET:  13
 ID DATA ITEM IS DATA ITEM NO.:   1
 DEP VARIABLE IS DATA ITEM NO.:  11
 MDV DATA ITEM IS DATA ITEM NO.: 13
0INDICES PASSED TO SUBROUTINE PRED:
  12   6   7   0   8   9   0   0   0   0   0
0LABELS FOR DATA ITEMS:
 ID VISI DGRP DOSE SEX TIME AMT SS II VID DV EVID MDV
0FORMAT FOR DATA:
 (E5.0,2E2.0,E4.0,E2.0,E9.0,E4.0,E2.0,E3.0,E4.0,E11.0,2F2.0)                     
 
 TOT. NO. OF OBS RECS:     1022
 TOT. NO. OF INDIVIDUALS:     74
0LENGTH OF THETA:   5
0DEFAULT THETA BOUNDARY TEST OMITTED:    NO 
0OMEGA HAS BLOCK FORM:
  1
  1  1
  0  0  2
  0  0  0  3
  0  0  0  0  3
0DEFAULT OMEGA BOUNDARY TEST OMITTED:    NO 
0SIGMA HAS SIMPLE DIAGONAL FORM WITH DIMENSION:   1
0DEFAULT SIGMA BOUNDARY TEST OMITTED:    NO 
0INITIAL ESTIMATE OF THETA:
 LOWER BOUND    INITIAL EST    UPPER BOUND
  0.0000E+00     0.2750E+02     0.1000E+07
  0.0000E+00     0.1300E+02     0.1000E+07
  0.0000E+00     0.2000E+00     0.1000E+07
  0.0000E+00     0.1000E+00     0.1000E+07
  0.0000E+00     0.2300E+00     0.1000E+07
0INITIAL ESTIMATE OF OMEGA:
 BLOCK SET NO.   BLOCK                                                                    FIXED
        1                                                                                   NO 
                  0.3000E+00
                  0.1000E+00   0.3000E+00
        2                                                                                   NO 
                  0.3000E+00
        3                                                                                   NO 
                  0.3000E+00
0INITIAL ESTIMATE OF SIGMA:
 0.1000E+01
0SIGMA CONSTRAINED TO BE THIS INITIAL ESTIMATE
1DOUBLE PRECISION PREDPP VERSION 7.3.0
 
 ONE COMPARTMENT MODEL WITH FIRST-ORDER ABSORPTION (ADVAN2)
0MAXIMUM NO. OF BASIC PK PARAMETERS:   3
0BASIC PK PARAMETERS (AFTER TRANSLATION):
   ELIMINATION RATE (K) IS BASIC PK PARAMETER NO.:  1
   ABSORPTION RATE (KA) IS BASIC PK PARAMETER NO.:  3
 
0COMPARTMENT ATTRIBUTES 
 COMPT. NO.   FUNCTION   INITIAL    ON/OFF      DOSE      DEFAULT    DEFAULT
                         STATUS     ALLOWED    ALLOWED    FOR DOSE   FOR OBS.
    1         DEPOT        OFF        YES        YES        YES        NO 
    2         CENTRAL      ON         NO         YES        NO         YES
    3         OUTPUT       OFF        YES        NO         NO         NO 
1
 ADDITIONAL PK PARAMETERS - ASSIGNMENT OF ROWS IN GG
 COMPT. NO.                             INDICES
              SCALE      BIOAVAIL.   ZERO-ORDER  ZERO-ORDER  ABSORB
                         FRACTION    RATE        DURATION    LAG  
    1            *           *           *           *           4
    2            5           *           *           *           *
    3            *           -           -           -           -
             - PARAMETER IS NOT ALLOWED FOR THIS MODEL
             * PARAMETER IS NOT SUPPLIED BY PK SUBROUTINE;
               WILL DEFAULT TO ONE IF APPLICABLE
0DATA ITEM INDICES USED BY PRED ARE:
   EVENT ID DATA ITEM IS DATA ITEM NO.:     12
   TIME DATA ITEM IS DATA ITEM NO.:          6
   DOSE AMOUNT DATA ITEM IS DATA ITEM NO.:   7
   STEADY STATE DATA ITEM IS DATA ITEM NO.:  8
   INTERVAL DATA ITEM IS DATA ITEM NO.:      9
 
0PK SUBROUTINE CALLED WITH EVERY EVENT RECORD.
 PK SUBROUTINE NOT CALLED AT NONEVENT (ADDITIONAL OR LAGGED) DOSE TIMES.
0ERROR SUBROUTINE CALLED WITH EVERY EVENT RECORD.
1


 #TBLN:      1
 #METH: First Order

 ESTIMATION STEP OMITTED:                 NO  
 ANALYSIS TYPE:                           POPULATION
 EPS-ETA INTERACTION:                     NO  
 NO. OF FUNCT. EVALS. ALLOWED:            10
 NO. OF SIG. FIGURES REQUIRED:            3
 INTERMEDIATE PRINTOUT:                   YES 
 ESTIMATE OUTPUT TO MSF:                  NO  
 IND. OBJ. FUNC. VALUES SORTED:           NO  
 NUMERICAL DERIVATIVE 
       FILE REQUEST (NUMDER):             NONE
 MAP (ETAHAT) ESTIMATION METHOD (OPTMAP): 0           
 ETA HESSIAN EVALUATION METHOD (ETADER):  0           
 INITIAL ETA FOR MAP ESTIMATION (MCETA):  0           
 SIGDIGITS FOR MAP ESTIMATION (SIGLO):    100         
 GRADIENT SIGDIGITS OF 
       FIXED EFFECTS PARAMETERS (SIGL):   100         
 EXCLUDE TITLE (NOTITLE):                 NO 
 EXCLUDE COLUMN LABELS (NOLABEL):         NO 
 NOPRIOR SETTING (NOPRIOR):               OFF
 NOCOV SETTING (NOCOV):                   OFF
 DERCONT SETTING (DERCONT):               OFF
 ABSOLUTE TOLERANCE-ADVAN 9,13 ONLY(ATOL):-100        
 FINAL ETA RE-EVALUATION (FNLETA):        ON 
 EXCLUDE NON-INFLUENTIAL (NON-INFL.) ETAS 
       IN SHRINKAGE (ETASTYPE):           NO 
 NON-INFL. ETA CORRECTION (NONINFETA):    OFF
 FORMAT FOR ADDITIONAL FILES (FORMAT):    S1PE12.5
 PARAMETER ORDER FOR OUTPUTS (ORDER):     TSOL
 ADDITIONAL CONVERGENCE TEST (CTYPE=4)?:  NO
 EM OR BAYESIAN METHOD USED:                NONE


 THE FOLLOWING LABELS ARE EQUIVALENT
 PRED=NPRED
 RES=NRES
 WRES=NWRES
 IWRS=NIWRES
 IPRD=NIPRED
 IRS=NIRES

 MONITORING OF SEARCH:


0ITERATION NO.:    0    OBJECTIVE VALUE:   74.9279026775758        NO. OF FUNC. EVALS.:   7
 CUMULATIVE NO. OF FUNC. EVALS.:        7
 NPARAMETR:  2.7500E+01  1.3000E+01  2.0000E-01  1.0000E-01  2.3000E-01  3.0000E-01  1.0000E-01  3.0000E-01  3.0000E-01  3.0000E-01

 PARAMETER:  1.0000E-01  1.0000E-01  1.0000E-01  1.0000E-01  1.0000E-01  1.0000E-01  1.0000E-01  1.0000E-01  1.0000E-01  1.0000E-01

 GRADIENT:   1.6100E+02 -2.7264E+02 -3.0715E+02 -4.2430E+02 -2.1430E+03  1.1057E+02 -1.1605E+02 -6.1748E+02  7.3716E+01 -1.8829E+02


0ITERATION NO.:    1    OBJECTIVE VALUE:  -455.964082963661        NO. OF FUNC. EVALS.:   8
 CUMULATIVE NO. OF FUNC. EVALS.:       15
 NPARAMETR:  2.6288E+01  1.4031E+01  2.1796E-01  1.1261E-01  4.1909E-01  2.8199E-01  1.2845E-01  4.3534E-01  2.8787E-01  3.3336E-01

 PARAMETER:  5.4922E-02  1.7634E-01  1.8600E-01  2.1880E-01  7.0000E-01  6.9043E-02  1.3249E-01  2.7289E-01  7.9361E-02  1.5272E-01

 GRADIENT:  -2.6673E+00 -4.7980E+01 -3.2015E+01 -1.2051E+02  3.6877E+02  1.0199E+02 -5.6314E+01 -1.6004E+02  8.3824E+01 -4.5633E+01


 #TERM:
0MINIMIZATION TERMINATED
 DUE TO MAX. NO. OF FUNCTION EVALUATIONS EXCEEDED
 NO. OF FUNCTION EVALUATIONS USED:       15
 NO. OF SIG. DIGITS UNREPORTABLE
 #TERE:
 Elapsed estimation time in seconds:     0.04
1
 
 
 
 
 
 
 
 
 
 
 
 
 
 
 
 
 
 
 
 
 ************************************************************************************************************************
 ********************                                                                                ********************
 ********************                                   FIRST ORDER                                  ********************
 #OBJT:**************                       MINIMUM VALUE OF OBJECTIVE FUNCTION                      ********************
 ********************                                                                                ********************
 ************************************************************************************************************************
 





 #OBJV:********************************************     -455.964       **************************************************
1
 ************************************************************************************************************************
 ********************                                                                                ********************
 ********************                                   FIRST ORDER                                  ********************
 ********************                             FINAL PARAMETER ESTIMATE                           ********************
 ********************                                                                                ********************
 ************************************************************************************************************************
 


 THETA - VECTOR OF FIXED EFFECTS PARAMETERS   *********


         TH 1      TH 2      TH 3      TH 4      TH 5     
 
         2.63E+01  1.40E+01  2.18E-01  1.13E-01  4.19E-01
 


 OMEGA - COV MATRIX FOR RANDOM EFFECTS - ETAS  ********


            ETA1      ETA2      ETA3      ETA4      ETA5   
 
 ETA1
+        2.82E-01
 
 ETA2
+        1.28E-01  4.35E-01
 
 ETA3
+        0.00E+00  0.00E+00  2.88E-01
 
 ETA4
+        0.00E+00  0.00E+00  0.00E+00  3.33E-01
 
 ETA5
+        0.00E+00  0.00E+00  0.00E+00  0.00E+00  3.33E-01
 


 SIGMA - COV MATRIX FOR RANDOM EFFECTS - EPSILONS  ****


            EPS1   
 
 EPS1
+        1.00E+00
 
1


 OMEGA - CORR MATRIX FOR RANDOM EFFECTS - ETAS  *******


            ETA1      ETA2      ETA3      ETA4      ETA5   
 
 ETA1
+        5.31E-01
 
 ETA2
+        3.67E-01  6.60E-01
 
 ETA3
+        0.00E+00  0.00E+00  5.37E-01
 
 ETA4
+        0.00E+00  0.00E+00  0.00E+00  5.77E-01
 
 ETA5
+        0.00E+00  0.00E+00  0.00E+00  0.00E+00  5.77E-01
 


 SIGMA - CORR MATRIX FOR RANDOM EFFECTS - EPSILONS  ***


            EPS1   
 
 EPS1
+        1.00E+00
 
 #CPUT: Total CPU Time in Seconds,        0.051
Stop Time:
Tue Mar  3 09:10:14 CET 2015
