Fri Sep  9 15:43:42 CEST 2016
$PROBLEM    MOXONIDINE PK ANALYSIS
$INPUT      ID VISI XAT2=DROP DGRP DOSE FLAG=DROP ONO=DROP XIME=DROP
            DVO=DROP NEUY=DROP SCR=DROP AGE=DROP SEX NYHA=DROP WT
            COMP=DROP ACE=DROP DIG=DROP DIU=DROP NUMB=DROP TAD=DROP
            TIME VIDD=DROP CLCR=DROP AMT SS II VID CMT=DROP CONO=DROP
            DV EVID=DROP OVID=DROP
$DATA      moxonidine.dta IGNORE=@
$ABBREVIATED DERIV2=NO COMRES=6
$SUBROUTINE ADVAN2 TRANS1
$PK 
;----------IOV--------------------
   VIS3               = 0
   IF(VISI.EQ.3) VIS3 = 1
   VIS8               = 0
   IF(VISI.EQ.8) VIS8 = 1
   KPLAG = VIS3*ETA(4)+VIS8*ETA(5)

   TVCL  = THETA(1)
   TVV   = THETA(2)
   TVKA  = THETA(3)

   CL    = TVCL*EXP(ETA(1))
   V     = TVV*EXP(ETA(2))
   KA    = TVKA*EXP(ETA(3))
   LAG   = THETA(4)
   PHI   = LOG(LAG/(1-LAG))
   ALAG1 = EXP(PHI+KPLAG)/(1+EXP(PHI+KPLAG))
   K     = CL/V
   S2    = V

$ERROR 

     IPRED = LOG(.025)
     W     = THETA(5)
     IF(F.GT.0) IPRED = LOG(F)
     IRES  = IPRED-DV
     IWRES = IRES/W
     Y     = IPRED+ERR(1)*W

$THETA  (0,27.5)
 (0,13)
 (0,0.2)
 (0,.1)
 (0,.23)
$OMEGA  BLOCK(2)
 .3
 .1 .3
$OMEGA  BLOCK(1)
 .3
$OMEGA  BLOCK(1)
 .3
$OMEGA  BLOCK(1) SAME
$SIGMA  1  FIX
$ESTIMATION MAXEVALS=9990 METHOD=CONDITIONAL
$COVARIANCE UNCOND
$NONPARAMETRIC UNCOND NPSUPP=300


NM-TRAN MESSAGES
  
 WARNINGS AND ERRORS (IF ANY) FOR PROBLEM    1
             
 (WARNING  2) NM-TRAN INFERS THAT THE DATA ARE POPULATION.

License Registered to: Uppsala University
Expiration Date:    14 MAR 2017
Current Date:        9 SEP 2016
Days until program expires : 190
1NONLINEAR MIXED EFFECTS MODEL PROGRAM (NONMEM) VERSION 7.3.0
 ORIGINALLY DEVELOPED BY STUART BEAL, LEWIS SHEINER, AND ALISON BOECKMANN
 CURRENT DEVELOPERS ARE ROBERT BAUER, ICON DEVELOPMENT SOLUTIONS,
 AND ALISON BOECKMANN. IMPLEMENTATION, EFFICIENCY, AND STANDARDIZATION
 PERFORMED BY NOUS INFOSYSTEMS.
 
 PROBLEM NO.:         1
 MOXONIDINE PK ANALYSIS                                                  
0DATA CHECKOUT RUN:              NO 
 DATA SET LOCATED ON UNIT NO.:    2
 THIS UNIT TO BE REWOUND:        NO 
 NO. OF DATA RECS IN DATA SET:     1166
 NO. OF DATA ITEMS IN DATA SET:  14
 ID DATA ITEM IS DATA ITEM NO.:   1
 DEP VARIABLE IS DATA ITEM NO.:  12
 MDV DATA ITEM IS DATA ITEM NO.: 14
0INDICES PASSED TO SUBROUTINE PRED:
  13   7   8   0   9  10   0   0   0   0   0
0LABELS FOR DATA ITEMS:
 ID VISI DGRP DOSE SEX WT TIME AMT SS II VID DV EVID MDV
0FORMAT FOR DATA:
 (E5.0,2E2.0,E4.0,E2.0,E4.0,E9.0,E4.0,E2.0,E3.0,E4.0,E11.0,2F2.0)                
 
 TOT. NO. OF OBS RECS:     1022
 TOT. NO. OF INDIVIDUALS:     74
0LENGTH OF THETA:   5
0DEFAULT THETA BOUNDARY TEST OMITTED:    NO 
0OMEGA HAS BLOCK FORM:
  1
  1  1
  0  0  2
  0  0  0  3
  0  0  0  0  3
0DEFAULT OMEGA BOUNDARY TEST OMITTED:    NO 
0SIGMA HAS SIMPLE DIAGONAL FORM WITH DIMENSION:   1
0DEFAULT SIGMA BOUNDARY TEST OMITTED:    NO 
0INITIAL ESTIMATE OF THETA:
 LOWER BOUND    INITIAL EST    UPPER BOUND
  0.0000E+00     0.2750E+02     0.1000E+07
  0.0000E+00     0.1300E+02     0.1000E+07
  0.0000E+00     0.2000E+00     0.1000E+07
  0.0000E+00     0.1000E+00     0.1000E+07
  0.0000E+00     0.2300E+00     0.1000E+07
0INITIAL ESTIMATE OF OMEGA:
 BLOCK SET NO.   BLOCK                                                                    FIXED
        1                                                                                   NO 
                  0.3000E+00
                  0.1000E+00   0.3000E+00
        2                                                                                   NO 
                  0.3000E+00
        3                                                                                   NO 
                  0.3000E+00
0INITIAL ESTIMATE OF SIGMA:
 0.1000E+01
0SIGMA CONSTRAINED TO BE THIS INITIAL ESTIMATE
0NONPARAMETRIC STEP OMITTED:        NO 
 MARGINAL CUMULATIVES OBTAINED:    YES 
 POP. ETAS OBTAINED:                NO 
 ESTIMATE OUTPUT TO MSF:            NO 
 BOOTSTRAP IMPLEMENTED :            NO 
 NUMBER OF TOTAL SUPPORT NODES (NPSUPP/NPSUPPE or NIND):         300
 USE INITIAL OMEGAS FOR EVALUATING ORIGINAL NODES (EXPAND):       NO 
 USE INITIAL OMEGAS FOR EVALUATING ADDITIONAL NODES (NPSUPPE):    NO 
0COVARIANCE STEP OMITTED:        NO 
 EIGENVLS. PRINTED:              NO 
 SPECIAL COMPUTATION:            NO 
 COMPRESSED FORMAT:              NO 
1DOUBLE PRECISION PREDPP VERSION 7.3.0
 
 ONE COMPARTMENT MODEL WITH FIRST-ORDER ABSORPTION (ADVAN2)
0MAXIMUM NO. OF BASIC PK PARAMETERS:   3
0BASIC PK PARAMETERS (AFTER TRANSLATION):
   ELIMINATION RATE (K) IS BASIC PK PARAMETER NO.:  1
   ABSORPTION RATE (KA) IS BASIC PK PARAMETER NO.:  3
 
0COMPARTMENT ATTRIBUTES 
 COMPT. NO.   FUNCTION   INITIAL    ON/OFF      DOSE      DEFAULT    DEFAULT
                         STATUS     ALLOWED    ALLOWED    FOR DOSE   FOR OBS.
    1         DEPOT        OFF        YES        YES        YES        NO 
    2         CENTRAL      ON         NO         YES        NO         YES
    3         OUTPUT       OFF        YES        NO         NO         NO 
1
 ADDITIONAL PK PARAMETERS - ASSIGNMENT OF ROWS IN GG
 COMPT. NO.                             INDICES
              SCALE      BIOAVAIL.   ZERO-ORDER  ZERO-ORDER  ABSORB
                         FRACTION    RATE        DURATION    LAG  
    1            *           *           *           *           4
    2            5           *           *           *           *
    3            *           -           -           -           -
             - PARAMETER IS NOT ALLOWED FOR THIS MODEL
             * PARAMETER IS NOT SUPPLIED BY PK SUBROUTINE;
               WILL DEFAULT TO ONE IF APPLICABLE
0DATA ITEM INDICES USED BY PRED ARE:
   EVENT ID DATA ITEM IS DATA ITEM NO.:     13
   TIME DATA ITEM IS DATA ITEM NO.:          7
   DOSE AMOUNT DATA ITEM IS DATA ITEM NO.:   8
   STEADY STATE DATA ITEM IS DATA ITEM NO.:  9
   INTERVAL DATA ITEM IS DATA ITEM NO.:     10
 
0PK SUBROUTINE CALLED WITH EVERY EVENT RECORD.
 PK SUBROUTINE NOT CALLED AT NONEVENT (ADDITIONAL OR LAGGED) DOSE TIMES.
0ERROR SUBROUTINE CALLED WITH EVERY EVENT RECORD.
1


 #TBLN:      1
 #METH: First Order Conditional Estimation

 ESTIMATION STEP OMITTED:                 NO  
 ANALYSIS TYPE:                           POPULATION
 CONDITIONAL ESTIMATES USED:              YES 
 CENTERED ETA:                            NO  
 EPS-ETA INTERACTION:                     NO  
 LAPLACIAN OBJ. FUNC.:                    NO  
 NO. OF FUNCT. EVALS. ALLOWED:            9990
 NO. OF SIG. FIGURES REQUIRED:            3
 INTERMEDIATE PRINTOUT:                   YES 
 ESTIMATE OUTPUT TO MSF:                  NO  
 IND. OBJ. FUNC. VALUES SORTED:           NO  
 NUMERICAL DERIVATIVE 
       FILE REQUEST (NUMDER):             NONE
 MAP (ETAHAT) ESTIMATION METHOD (OPTMAP): 0           
 ETA HESSIAN EVALUATION METHOD (ETADER):  0           
 INITIAL ETA FOR MAP ESTIMATION (MCETA):  0           
 SIGDIGITS FOR MAP ESTIMATION (SIGLO):    100         
 GRADIENT SIGDIGITS OF 
       FIXED EFFECTS PARAMETERS (SIGL):   100         
 EXCLUDE TITLE (NOTITLE):                 NO 
 EXCLUDE COLUMN LABELS (NOLABEL):         NO 
 NOPRIOR SETTING (NOPRIOR):               OFF
 NOCOV SETTING (NOCOV):                   OFF
 DERCONT SETTING (DERCONT):               OFF
 ABSOLUTE TOLERANCE-ADVAN 9,13 ONLY(ATOL):-100        
 FINAL ETA RE-EVALUATION (FNLETA):        ON 
 EXCLUDE NON-INFLUENTIAL (NON-INFL.) ETAS 
       IN SHRINKAGE (ETASTYPE):           NO 
 NON-INFL. ETA CORRECTION (NONINFETA):    OFF
 FORMAT FOR ADDITIONAL FILES (FORMAT):    S1PE12.5
 PARAMETER ORDER FOR OUTPUTS (ORDER):     TSOL
 ADDITIONAL CONVERGENCE TEST (CTYPE=4)?:  NO
 EM OR BAYESIAN METHOD USED:                NONE


 THE FOLLOWING LABELS ARE EQUIVALENT
 PRED=NPRED
 RES=NRES
 WRES=NWRES
 IWRS=NIWRES
 IPRD=NIPRED
 IRS=NIRES

 MONITORING OF SEARCH:


0ITERATION NO.:    0    OBJECTIVE VALUE:  -238.981166176274        NO. OF FUNC. EVALS.:   7
 CUMULATIVE NO. OF FUNC. EVALS.:        7
 NPARAMETR:  2.7500E+01  1.3000E+01  2.0000E-01  1.0000E-01  2.3000E-01  3.0000E-01  1.0000E-01  3.0000E-01  3.0000E-01  3.0000E-01

 PARAMETER:  1.0000E-01  1.0000E-01  1.0000E-01  1.0000E-01  1.0000E-01  1.0000E-01  1.0000E-01  1.0000E-01  1.0000E-01  1.0000E-01

 GRADIENT:   1.1424E+01  5.7732E+01 -1.5537E+02  2.7159E+03 -1.2171E+03  1.0882E+02 -7.6881E+01 -2.2583E+02  8.6110E+01 -6.7365E+02


0ITERATION NO.:    9    OBJECTIVE VALUE:  -828.535735392799        NO. OF FUNC. EVALS.:  30
 CUMULATIVE NO. OF FUNC. EVALS.:      153
 NPARAMETR:  2.3699E+01  1.0348E+01  2.3905E-01  7.3045E-02  2.6477E-01  1.6093E-01 -5.6415E-03  3.7984E+00  4.7371E-02  2.1461E+02

 PARAMETER:  9.7504E-02 -1.2492E-01  2.9409E-01 -2.2349E-01  3.2162E-01 -2.1139E-01 -7.7024E-03  1.4281E+00 -8.2288E-01  3.3864E+00

 GRADIENT:   9.8841E+01  1.5401E+00  8.3528E+01 -2.1359E+00  4.0435E+02 -5.7513E+01  0.0000E+00  0.0000E+00  0.0000E+00  0.0000E+00


 #TERM:
0MINIMIZATION TERMINATED
 DUE TO PROXIMITY OF NEXT ITERATION EST. TO A VALUE
 AT WHICH THE OBJ. FUNC. IS INFINITE
0AT THE LAST COMPUTED INFINITE VALUE OF THE OBJ. FUNCT.:
 ERROR IN NCONTR WITH INDIVIDUAL      54   ID= 9.02000000000000E+02
 NUMERICAL HESSIAN OF OBJ. FUNC. FOR COMPUTING CONDITIONAL ESTIMATE
 IS NON POSITIVE DEFINITE
 THETA=
  2.37E+01   1.03E+01   2.39E-01   7.30E-02   2.65E-01
 
 NO. OF FUNCTION EVALUATIONS USED:      153
 NO. OF SIG. DIGITS UNREPORTABLE

 ETABAR IS THE ARITHMETIC MEAN OF THE ETA-ESTIMATES,
 AND THE P-VALUE IS GIVEN FOR THE NULL HYPOTHESIS THAT THE TRUE MEAN IS 0.

 ETABAR:        -4.9138E-02 -5.5062E-01 -1.8482E-03  1.3585E+00  1.8373E+00
 SE:             3.1831E-02  1.0789E-01  2.3228E-02  3.5796E-01  2.9942E-01
 N:                      74          74          74          74          74

 P VAL.:         1.2266E-01  3.3427E-07  9.3658E-01  1.4769E-04  8.4769E-10

 ETAshrink(%):   3.1277E+01  5.2053E+01  7.5691E+00  7.8837E+01  8.2298E+01
 EBVshrink(%):   3.7232E+00  2.5777E+01  1.4788E+01  2.4381E+01  1.6695E+01
 EPSshrink(%):   2.5697E+01

 #TERE:
 Elapsed estimation time in seconds:     8.83
0PROGRAM TERMINATED BY OBJ
 ERROR IN NCONTR WITH INDIVIDUAL      54   ID= 9.02000000000000E+02
 NUMERICAL HESSIAN OF OBJ. FUNC. FOR COMPUTING CONDITIONAL ESTIMATE
 IS NON POSITIVE DEFINITE
 Elapsed covariance time in seconds:     1.28
 MESSAGE ISSUED FROM COVARIANCE STEP
1
 
 
 
 
 
 
 
 
 
 
 
 
 
 
 
 
 
 
 
 
 ************************************************************************************************************************
 ********************                                                                                ********************
 ********************                        FIRST ORDER CONDITIONAL ESTIMATION                      ********************
 #OBJT:**************                       MINIMUM VALUE OF OBJECTIVE FUNCTION                      ********************
 ********************                                                                                ********************
 ************************************************************************************************************************
 





 #OBJV:********************************************     -828.536       **************************************************
1
 ************************************************************************************************************************
 ********************                                                                                ********************
 ********************                        FIRST ORDER CONDITIONAL ESTIMATION                      ********************
 ********************                             FINAL PARAMETER ESTIMATE                           ********************
 ********************                                                                                ********************
 ************************************************************************************************************************
 


 THETA - VECTOR OF FIXED EFFECTS PARAMETERS   *********


         TH 1      TH 2      TH 3      TH 4      TH 5     
 
         2.74E+01  1.04E+01  2.43E-01  7.24E-02  2.87E-01
 


 OMEGA - COV MATRIX FOR RANDOM EFFECTS - ETAS  ********


            ETA1      ETA2      ETA3      ETA4      ETA5   
 
 ETA1
+        1.61E-01
 
 ETA2
+       -5.64E-03  3.80E+00
 
 ETA3
+        0.00E+00  0.00E+00  4.74E-02
 
 ETA4
+        0.00E+00  0.00E+00  0.00E+00  2.15E+02
 
 ETA5
+        0.00E+00  0.00E+00  0.00E+00  0.00E+00  2.15E+02
 


 SIGMA - COV MATRIX FOR RANDOM EFFECTS - EPSILONS  ****


            EPS1   
 
 EPS1
+        1.00E+00
 
1


 OMEGA - CORR MATRIX FOR RANDOM EFFECTS - ETAS  *******


            ETA1      ETA2      ETA3      ETA4      ETA5   
 
 ETA1
+        4.01E-01
 
 ETA2
+       -7.22E-03  1.95E+00
 
 ETA3
+        0.00E+00  0.00E+00  2.18E-01
 
 ETA4
+        0.00E+00  0.00E+00  0.00E+00  1.46E+01
 
 ETA5
+        0.00E+00  0.00E+00  0.00E+00  0.00E+00  1.46E+01
 


 SIGMA - CORR MATRIX FOR RANDOM EFFECTS - EPSILONS  ***


            EPS1   
 
 EPS1
+        1.00E+00
 
 #CPUT: Total CPU Time in Seconds,       10.124
Stop Time:
Fri Sep  9 15:43:52 CEST 2016
